

Length of speech file: 22.2 s
Packet loss          : 0.0%
