

Length of speech file: 4.3 s
Packet loss          : 0.0%
