

Length of speech file: 47.0 s
Packet loss          : 0.0%
