

Length of speech file: 16.1 s
Packet loss          : 0.0%
